// Jest Snapshot v1, https://goo.gl/fbAQLP

exports[`Collapsible renders the collapsible component 1`] = `
<div class="oxd-collapsible-container">
  <div class="oxd-collapsible-header-container"><label class="oxd-collapsible-title"></label>
    <div class="oxd-collapsible-caret-icon-wrapper">
      <oxd-icon-button-stub name="oxd-caret-down" size="xxx-small" withcontainer="true" disabled="false" tooltip="Show More" flow="top" iconstyles="[object Object]" showtooltipwhendisabled="false" class="oxd-collapsible-caret-icon"></oxd-icon-button-stub>
    </div>
  </div>
  <div class="oxd-collapsed-content"></div>
  <!--v-if-->
</div>
`;
