// Jest Snapshot v1, https://goo.gl/fbAQLP

exports[`ProfilePic.vue should renders OXD ProfilePic for image URL 1`] = `<img class="header-image" src="../../assests/images/user-default-400.png">`;
