// Vitest Snapshot v1

exports[`CardTable > TableHeader.vue > renders OXD CardTable > TableHeader 1`] = `"<div class=\\"oxd-table-header\\" role=\\"rowgroup\\" data-v-7cb4d3ae=\\"\\"></div>"`;
