// Jest Snapshot v1, https://goo.gl/fbAQLP

exports[`CardTable > Decorator > Default.vue should renders OXD CardTable > Decorator > Default 1`] = `"Test"`;
