// Jest Snapshot v1, https://goo.gl/fbAQLP

exports[`Tabs.vue Renders two tabs along with icons 1`] = `
<ul class="tab-list">
  <li class="tab-items"><span tabindex="0" class="tab-item active" id="1"><i class="oxd-svg-icon oxd-svg-icon--medium tab-icon"><svg id="Layer_1" data-name="Layer 1" xmlns="http://www.w3.org/2000/svg" viewBox="0 0 516.07 512"><defs><style>.cls-1{fill:#64728c;}</style></defs><path class="cls-1" d="M388.07,512h-272a120.14,120.14,0,0,1-120-120V120a120.14,120.14,0,0,1,120-120h208c26.54,1.06,26.52,39,0,40h-208a80.09,80.09,0,0,0-80,80V392a80.09,80.09,0,0,0,80,80h272a80.09,80.09,0,0,0,80-80V207c1.06-26.54,39-26.52,40,0V392A120.13,120.13,0,0,1,388.07,512ZM266.77,266.34a20,20,0,0,1-19.63-23.61l10.47-56.19a2.38,2.38,0,0,1,.05-.26,143.77,143.77,0,0,1,39.48-73.78l90.73-91.26C415-7.07,463.8-7.08,491,21.2c28.26,27.12,28.26,75.92,0,103l-90.74,91.25A143.91,143.91,0,0,1,326.39,255l-55.78,11a20,20,0,0,1-3.84.37Zm27.5-69.67-5.06,27.14,26.86-5.27A104,104,0,0,0,369.38,190l90.74-91.26c12.82-12.3,12.83-34.32,0-46.62h0c-12.26-12.77-34.32-12.77-46.58,0l-90.74,91.26a104.12,104.12,0,0,0-28.57,53.3Z" transform="translate(3.93)"></path></svg></i>Posts</span>
    <div class="selected-tab-indicator active"></div>
  </li>
  <li class="tab-items"><span tabindex="0" class="tab-item" id="2"><i class="oxd-svg-icon oxd-svg-icon--medium tab-icon"><svg xmlns="http://www.w3.org/2000/svg" viewBox="0 0 460.8 460.8" style="enable-background:new 0 0 460.8 460.8" xml:space="preserve"><path style="fill:currentColor" d="M230.432 0c-65.829 0-119.641 53.812-119.641 119.641s53.812 119.641 119.641 119.641 119.641-53.812 119.641-119.641S296.261 0 230.432 0zM435.755 334.89c-3.135-7.837-7.314-15.151-12.016-21.943-24.033-35.527-61.126-59.037-102.922-64.784-5.224-.522-10.971.522-15.151 3.657-21.943 16.196-48.065 24.555-75.233 24.555s-53.29-8.359-75.233-24.555c-4.18-3.135-9.927-4.702-15.151-3.657-41.796 5.747-79.412 29.257-102.922 64.784-4.702 6.792-8.882 14.629-12.016 21.943-1.567 3.135-1.045 6.792.522 9.927 4.18 7.314 9.404 14.629 14.106 20.898 7.314 9.927 15.151 18.808 24.033 27.167 7.314 7.314 15.673 14.106 24.033 20.898 41.273 30.825 90.906 47.02 142.106 47.02s100.833-16.196 142.106-47.02c8.359-6.269 16.718-13.584 24.033-20.898 8.359-8.359 16.718-17.241 24.033-27.167 5.224-6.792 9.927-13.584 14.106-20.898 2.611-3.135 3.133-6.793 1.566-9.927z"></path></svg></i>Posts</span>
    <div class="selected-tab-indicator"></div>
  </li>
</ul>
<div class="tab-content">
  <tab tab="[object Object]"> This is the content of tab 1</tab>
  <tab tab="[object Object]"> This is the content of tab2</tab>
</div>
`;
