// Vitest Snapshot v1

exports[`Chart > PieChart.vue > should renders OXD piec chart 1`] = `"<div width=\\"100%\\" height=\\"100%\\"><canvas></canvas></div>"`;
