// Jest Snapshot v1, https://goo.gl/fbAQLP

exports[`TabPanel.vue renders OXD Tab Panel 1`] = `<div id="test" class="oxd-tab-panel"></div>`;

exports[`TabPanel.vue should render OXD Tab Panel with content 1`] = `
<div id="test" class="oxd-tab-panel">
  <div>Main Content</div>
</div>
`;
