// Jest Snapshot v1, https://goo.gl/fbAQLP

exports[`CheckboxGroup > CheckboxGroup.vue renders OXD CheckboxGroup 1`] = `
<div class="oxd-input-group">
  <div class="oxd-input-group__label-wrapper">
    <!--v-if-->
    <!--v-if-->
    <!--v-if-->
  </div>
  <div class="check-box-column">
    <div class="oxd-checkbox-wrapper"><label class="">
        <!--v-if--><input type="checkbox" true-value="true" false-value="false" id="check-box-group-id_1" value="1"><span class="oxd-checkbox-input oxd-checkbox-input--active --label-right oxd-checkbox-input"><i class="oxd-svg-icon oxd-svg-icon--xx-small oxd-checkbox-input-icon"><svg xmlns="http://www.w3.org/2000/svg" viewBox="0 0 36.51 27.2"><defs><style>{fill:currentColor;}</style></defs><g id="Layer_2" data-name="Layer 2"><g id="_ÎÓÈ_1" data-name="—ÎÓÈ_1"><path style="fill:currentColor" d="M0,13c.11-.32.21-.64.34-1a4.23,4.23,0,0,1,6.94-1.28c1.77,1.74,3.52,3.51,5.27,5.26.71.71,1.22.71,1.93,0Q21.79,8.68,29.09,1.38A4.23,4.23,0,0,1,32.22,0,4,4,0,0,1,36.1,2.5,4.08,4.08,0,0,1,35.44,7c-.08.1-.17.19-.26.29L16.59,25.89a4.22,4.22,0,0,1-3.23,1.31,4.1,4.1,0,0,1-2.85-1.26Q5.88,21.34,1.26,16.7A4.32,4.32,0,0,1,.08,14.56c0-.07,0-.15-.08-.18Z"></path></g></g></svg></i></span>Item one
      </label></div>
    <div class="oxd-checkbox-wrapper"><label class="">
        <!--v-if--><input type="checkbox" true-value="true" false-value="false" id="check-box-group-id_2" value="2"><span class="oxd-checkbox-input oxd-checkbox-input--active --label-right oxd-checkbox-input"><i class="oxd-svg-icon oxd-svg-icon--xx-small oxd-checkbox-input-icon"><svg xmlns="http://www.w3.org/2000/svg" viewBox="0 0 36.51 27.2"><defs><style>{fill:currentColor;}</style></defs><g id="Layer_2" data-name="Layer 2"><g id="_ÎÓÈ_1" data-name="—ÎÓÈ_1"><path style="fill:currentColor" d="M0,13c.11-.32.21-.64.34-1a4.23,4.23,0,0,1,6.94-1.28c1.77,1.74,3.52,3.51,5.27,5.26.71.71,1.22.71,1.93,0Q21.79,8.68,29.09,1.38A4.23,4.23,0,0,1,32.22,0,4,4,0,0,1,36.1,2.5,4.08,4.08,0,0,1,35.44,7c-.08.1-.17.19-.26.29L16.59,25.89a4.22,4.22,0,0,1-3.23,1.31,4.1,4.1,0,0,1-2.85-1.26Q5.88,21.34,1.26,16.7A4.32,4.32,0,0,1,.08,14.56c0-.07,0-.15-.08-.18Z"></path></g></g></svg></i></span>Item two
      </label></div>
  </div>
  <!--v-if-->
  <!--v-if-->
</div>
`;
