// Jest Snapshot v1, https://goo.gl/fbAQLP

exports[`MultiSelectInput.vue renders OXD MultiSelect Input 1`] = `
<div class="oxd-multiselect-wrapper">
  <div class="oxd-select-text oxd-select-text--active" tabindex="0">
    <div class="oxd-select-text-input">
      <div class="selected-content"></div><input type="text" readonly="">
    </div>
    <div class="oxd-select-text--after">
      <div class="oxd-select-text--arrow"><i class="oxd-icon oxd-icon--medium bi-caret-down-fill"></i></div>
    </div>
  </div>
  <!--v-if-->
  <div class="oxd-multiselect-chips-area"></div>
</div>
`;
