// Jest Snapshot v1, https://goo.gl/fbAQLP

exports[`CalendarController.vue renders OXD CalendarController 1`] = `
<div class="oxd-calendar-header"><button type="button" class="oxd-icon-button oxd-calendar-header-arrow" flow="top"><i class="oxd-svg-icon oxd-svg-icon--extra-small"><svg version="1.1" id="Capa_1" xmlns="http://www.w3.org/2000/svg" xmlns:xlink="http://www.w3.org/1999/xlink" x="0px" y="0px" transform="rotate(90)" viewBox="0 0 451.847 451.847" style="enable-background:new 0 0 451.847 451.847;" xml:space="preserve">
        <g>
          <defs></defs>
          <path fill="currentColor" d="M225.923,354.706c-8.098,0-16.195-3.092-22.369-9.263L9.27,151.157c-12.359-12.359-12.359-32.397,0-44.751c12.354-12.354,32.388-12.354,44.748,0l171.905,171.915l171.906-171.909c12.359-12.354,32.391-12.354,44.744,0c12.365,12.354,12.365,32.392,0,44.751L248.292,345.449C242.115,351.621,234.018,354.706,225.923,354.706z"></path>
        </g>
        <g></g>
        <g></g>
        <g></g>
        <g></g>
        <g></g>
        <g></g>
        <g></g>
        <g></g>
        <g></g>
        <g></g>
        <g></g>
        <g></g>
        <g></g>
        <g></g>
        <g></g>
      </svg></i></button>
  <ul class="oxd-calendar-selector">
    <li tabindex="0" class="oxd-calendar-selector-month" for="month">
      <div class="oxd-calendar-selector-month-selected">
        <p class="oxd-text oxd-text--p">March</p><i class="oxd-icon oxd-icon--medium bi-caret-down-fill oxd-icon-button__icon" flow="top"></i>
      </div>
      <transition-stub>
        <!--v-if-->
      </transition-stub>
    </li>
    <li tabindex="0" class="oxd-calendar-selector-year" for="year">
      <div class="oxd-calendar-selector-year-selected">
        <p class="oxd-text oxd-text--p">2020</p><i class="oxd-icon oxd-icon--medium bi-caret-down-fill oxd-icon-button__icon" flow="top"></i>
      </div>
      <transition-stub>
        <!--v-if-->
      </transition-stub>
    </li>
  </ul><button type="button" class="oxd-icon-button oxd-calendar-header-arrow" flow="top"><i class="oxd-svg-icon oxd-svg-icon--extra-small"><svg version="1.1" id="Capa_1" xmlns="http://www.w3.org/2000/svg" xmlns:xlink="http://www.w3.org/1999/xlink" x="0px" y="0px" transform="rotate(-90)" viewBox="0 0 451.847 451.847" style="enable-background:new 0 0 451.847 451.847;" xml:space="preserve">
        <g>
          <defs></defs>
          <path fill="currentColor" d="M225.923,354.706c-8.098,0-16.195-3.092-22.369-9.263L9.27,151.157c-12.359-12.359-12.359-32.397,0-44.751c12.354-12.354,32.388-12.354,44.748,0l171.905,171.915l171.906-171.909c12.359-12.354,32.391-12.354,44.744,0c12.365,12.354,12.365,32.392,0,44.751L248.292,345.449C242.115,351.621,234.018,354.706,225.923,354.706z"></path>
        </g>
        <g></g>
        <g></g>
        <g></g>
        <g></g>
        <g></g>
        <g></g>
        <g></g>
        <g></g>
        <g></g>
        <g></g>
        <g></g>
        <g></g>
        <g></g>
        <g></g>
        <g></g>
      </svg></i></button>
</div>
`;
